../Core/Src/main.c:82:5:main	8	static
../Core/Src/main.c:135:6:SystemClock_Config	96	static
../Core/Src/main.c:197:13:MX_RTC_Init	80	static
../Core/Src/main.c:281:13:MX_USART2_UART_Init	8	static
../Core/Src/main.c:316:13:MX_GPIO_Init	16	static
../Core/Src/main.c:330:6:sendATCommand	16	static
../Core/Src/main.c:333:6:receiveResponse	16	static
../Core/Src/main.c:337:6:InitialConfigBg95	280	static
../Core/Src/main.c:435:6:ConfigPdpContext	392	static
../Core/Src/main.c:462:6:ConfigMqttContext	8	static
../Core/Src/main.c:475:6:ActivePdp	8	static
../Core/Src/main.c:483:6:MqttConnectAndSubscribe	8	static
../Core/Src/main.c:492:6:MqttConfigBeforeConnection	8	static
../Core/Src/main.c:510:6:Error_Handler	4	static,ignoring_inline_asm
