../Core/Src/main.c:82:5:main	8	static
../Core/Src/main.c:135:6:SystemClock_Config	96	static
../Core/Src/main.c:197:13:MX_RTC_Init	80	static
../Core/Src/main.c:281:13:MX_USART2_UART_Init	8	static
../Core/Src/main.c:316:13:MX_GPIO_Init	16	static
../Core/Src/main.c:330:6:sendATCommand	16	static
../Core/Src/main.c:333:6:receiveResponse	16	static
../Core/Src/main.c:337:6:InitialConfigBg95	200	static
../Core/Src/main.c:397:6:ConfigPdpContext	208	static
../Core/Src/main.c:420:6:ConfigMqttContext	8	static
../Core/Src/main.c:447:6:ActivePdp	48	static
../Core/Src/main.c:473:6:MqttConnectAndSubscribe	8	static
../Core/Src/main.c:485:6:MqttConfigBeforeConnection	72	static
../Core/Src/main.c:572:6:Error_Handler	4	static,ignoring_inline_asm
